// Jest Snapshot v1, https://goo.gl/fbAQLP

exports[`SearchBar Should match the snapshot 1`] = `
ShallowWrapper {
  Symbol(enzyme.__root__): [Circular],
  Symbol(enzyme.__unrendered__): <SearchBar
    search={[Function]}
/>,
  Symbol(enzyme.__renderer__): Object {
    "batchedUpdates": [Function],
    "getNode": [Function],
    "render": [Function],
    "simulateError": [Function],
    "simulateEvent": [Function],
    "unmount": [Function],
  },
  Symbol(enzyme.__node__): Object {
    "instance": null,
    "key": undefined,
    "nodeType": "host",
    "props": Object {
      "children": <input
        className="search-bar"
        name="search-bar"
        onChange={[Function]}
        placeholder="Search Districts..."
        type="text"
/>,
      "className": "search-bar-div",
    },
    "ref": null,
    "rendered": Object {
      "instance": null,
      "key": undefined,
      "nodeType": "host",
      "props": Object {
        "className": "search-bar",
        "name": "search-bar",
        "onChange": [Function],
        "placeholder": "Search Districts...",
        "type": "text",
      },
      "ref": null,
      "rendered": null,
      "type": "input",
    },
    "type": "div",
  },
  Symbol(enzyme.__nodes__): Array [
    Object {
      "instance": null,
      "key": undefined,
      "nodeType": "host",
      "props": Object {
        "children": <input
          className="search-bar"
          name="search-bar"
          onChange={[Function]}
          placeholder="Search Districts..."
          type="text"
/>,
        "className": "search-bar-div",
      },
      "ref": null,
      "rendered": Object {
        "instance": null,
        "key": undefined,
        "nodeType": "host",
        "props": Object {
          "className": "search-bar",
          "name": "search-bar",
          "onChange": [Function],
          "placeholder": "Search Districts...",
          "type": "text",
        },
        "ref": null,
        "rendered": null,
        "type": "input",
      },
      "type": "div",
    },
  ],
  Symbol(enzyme.__options__): Object {
    "adapter": ReactSixteenAdapter {
      "options": Object {
        "enableComponentDidUpdateOnSetState": true,
        "lifecycles": Object {
          "componentDidUpdate": Object {
            "onSetState": true,
          },
          "getDerivedStateFromProps": true,
          "getSnapshotBeforeUpdate": true,
          "setState": Object {
            "skipsComponentDidUpdateOnNullish": true,
          },
        },
      },
    },
  },
}
`;
